// Jest Snapshot v1, https://goo.gl/fbAQLP

exports[`With Snapshot Testing App shows title and renders children 1`] = `ShallowWrapper {}`;
